---
source: src/formats/sessionize_json.rs
expression: parsed
---
id: 902f3fb5-ae5d-4e22-aa02-ee8c2361838e
firstName: ""
lastName: ""
bio: Adams has worked as an engineering lead in the...
tagLine: "Principal Engineer, AI @ Workday"
profilePicture: "https://cdn.sessionize.com/image/--.png"
isTopSpeaker: false
sessions:
  - 1258496
fullName: Adam
