---
source: src/formats/sessionize_json.rs
expression: parsed
---
id: "1291414"
title: Morning Keynote
description: The morning keynote session
startsAt: "2026-09-10T08:45:00Z"
endsAt: "2026-09-10T09:25:00Z"
isServiceSession: false
isPlenumSession: true
speakers: []
categoryItems: []
questionAnswers: []
roomId: 76855
status: Accepted
isInformed: true
isConfirmed: false
